git
usage: git [--version] [--help] [-C <path>] [-c <name>=<value>]
           [--exec-path[=<path>]] [--html-path] [--man-path] [--info-path]
           [-p | --paginate | -P | --no-pager] [--no-replace-objects] [--bare]
           [--git-dir=<path>] [--work-tree=<path>] [--namespace=<name>]
           <command> [<args>]

These are common Git commands used in various situations:

start a working area (see also: git help tutorial)
   clone             Clone a repository into a new directory
   init              Create an empty Git repository or reinitialize an existing one

work on the current change (see also: git help everyday)
   add               Add file contents to the index
   mv                Move or rename a file, a directory, or a symlink
   restore           Restore working tree files
   rm                Remove files from the working tree and from the index
   sparse-checkout   Initialize and modify the sparse-checkout

examine the history and state (see also: git help revisions)
   bisect            Use binary search to find the commit that introduced a bug
   diff              Show changes between commits, commit and working tree, etc
   grep              Print lines matching a pattern
   log               Show commit logs
   show              Show various types of objects
   status            Show the working tree status

grow, mark and tweak your common history
   branch            List, create, or delete branches
   commit            Record changes to the repository
   merge             Join two or more development histories together
   rebase            Reapply commits on top of another base tip
   reset             Reset current HEAD to the specified state
   switch            Switch branches
   tag               Create, list, delete or verify a tag object signed with GPG

collaborate (see also: git help workflows)
   fetch             Download objects and refs from another repository
   pull              Fetch from and integrate with another repository or a local branch
   push              Update remote refs along with associated objects

'git help -a' and 'git help -g' list available subcommands and some
concept guides. See 'git help <command>' or 'git help <concept>'
to read about a specific subcommand or concept.
See 'git help git' for an overview of the system.
jpierre@pc:~$ 
jpierre@pc:~$ git clone git@github.com:jpierre55/Myfiles.git
Cloning into 'Myfiles'...
The authenticity of host 'github.com (140.82.112.4)' can't be established.
ECDSA key fingerprint is SHA256:p2QAMXNIC1TJYWeIOttrVc98/R1BUFWu3/LiyKgUfQM.
Are you sure you want to continue connecting (yes/no/[fingerprint])? yes
Warning: Permanently added 'github.com,140.82.112.4' (ECDSA) to the list of known hosts.
git@github.com: Permission denied (publickey).
fatal: Could not read from remote repository.

Please make sure you have the correct access rights
and the repository exists.
jpierre@pc:~$ ssh-keygen
Generating public/private rsa key pair.
Enter file in which to save the key (/home/jpierre/.ssh/id_rsa): 
Enter passphrase (empty for no passphrase): 
Enter same passphrase again: 
Your identification has been saved in /home/jpierre/.ssh/id_rsa
Your public key has been saved in /home/jpierre/.ssh/id_rsa.pub
The key fingerprint is:
SHA256:gtzYjFy7SutJta56ufcTxOXC/57Yr5j7SibouhS/zIY jpierre@pc
The key's randomart image is:
+---[RSA 3072]----+
|                 |
|          .      |
|      .o o       |
|   o O .= .      |
|    B B.So       |
|     + =. .      |
|    +o= ..o.     |
|   +EOo..+ =..   |
|  .+XB*...*=*o.  |
+----[SHA256]-----+
jpierre@pc:~$ cat .ssh/id_rsa.pub
ssh-rsa AAAAB3NzaC1yc2EAAAADAQABAAABgQC9au+SpoxrruuBxBMNq4AnNDRVcQdylPI/sRKWaOmR4fGmXG87ScM7CpuSZKhkgLNF5z2ruKhAHni4D1IfEZcqA4aJxx5iaYvIJHej00IwmMf30xDbiv7fDYw2tDyW6YRj7mEbTVSiXtPpRjeRXFDRZEtcoYJ3krDN6P1e+pL50Gu/e4tvc/5hG05EELPQidTGkHuAuaWTTrgK/q7z9qMqr3KKocsi41mqEm0rmYcs14h3c2uKkt0WSwSRjWKquNfETkpsoR09E4+8f23g9E557fWmgU/pZyXbV+G8JLOxAfWhaDUMj9i3XaCmYZbDq2+rL/QfSbRUDgK4joN3qS29gNlzEdTB5+eqjYAhCPwEQJGcC+3pxF24cVU4VxZPWEMrc1jHLlzwCAwIkR7KjKVOMI984sHOaCuHOlnZT0adCvA/sb1Uzq7NUBLHLRTkw5Yx1dErNw0wNA45rDxzV+i2ftDGgBq654M0kJv3Qjog3m3nY2xTkFbBKpJ8qmUqRks= jpierre@pc
jpierre@pc:~$ git clone git@github.com:jpierre55/Myfiles.git
Cloning into 'Myfiles'...
Warning: Permanently added the ECDSA host key for IP address '140.82.114.3' to the list of known hosts.
warning: You appear to have cloned an empty repository.
jpierre@pc:~$ ls
 corn2      Documents   home      new_installer_offline.jar   snap       'VirtualBox VMs'
 date.txt   Downloads   Music     Pictures                    Templates
 Desktop    freenet     Myfiles   Public                      Videos
jpierre@pc:~$ cd Myfiles
jpierre@pc:~/Myfiles$ ls
jpierre@pc:~/Myfiles$ nano mypassword
jpierre@pc:~/Myfiles$ ls
mypassword
jpierre@pc:~/Myfiles$ cd
jpierre@pc:~$ git config --global user.name "Jackson Pierre"
jpierre@pc:~$ git config --global user.email "jpierre55@protonmail.com
> "
jpierre@pc:~$ git status
fatal: not a git repository (or any of the parent directories): .git
jpierre@pc:~$ cd Myfiles
jpierre@pc:~/Myfiles$ git status
On branch master

No commits yet

Untracked files:
  (use "git add <file>..." to include in what will be committed)
	mypassword

nothing added to commit but untracked files present (use "git add" to track)
jpierre@pc:~/Myfiles$ git add .
jpierre@pc:~/Myfiles$ git status
On branch master

No commits yet

Changes to be committed:
  (use "git rm --cached <file>..." to unstage)
	new file:   mypassword

jpierre@pc:~/Myfiles$ git commit -am "file modified"
[master (root-commit) 73e8054] file modified
 1 file changed, 1 insertion(+)
 create mode 100644 mypassword
jpierre@pc:~/Myfiles$ git push
Warning: Permanently added the ECDSA host key for IP address '140.82.114.4' to the list of known hosts.
Enumerating objects: 3, done.
Counting objects: 100% (3/3), done.
Writing objects: 100% (3/3), 236 bytes | 236.00 KiB/s, done.
Total 3 (delta 0), reused 0 (delta 0)
To github.com:jpierre55/Myfiles.git
 * [new branch]      master -> master
jpierre@pc:~/Myfiles$ cat ../.s
.ssh/                      .sudo_as_admin_successful  
jpierre@pc:~/Myfiles$ cat ../.ssh/id_rsa.pub > ../ssh-pub
jpierre@pc:~/Myfiles$ scp -v ../ssh-pub princemitnick@192.168.16.200:~/
Executing: program /usr/bin/ssh host 192.168.16.200, user princemitnick, command scp -v -t ~/
OpenSSH_8.2p1 Ubuntu-4ubuntu0.3, OpenSSL 1.1.1f  31 Mar 2020
debug1: Reading configuration data /etc/ssh/ssh_config
debug1: /etc/ssh/ssh_config line 19: include /etc/ssh/ssh_config.d/*.conf matched no files
debug1: /etc/ssh/ssh_config line 21: Applying options for *
debug1: Connecting to 192.168.16.200 [192.168.16.200] port 22.
debug1: connect to address 192.168.16.200 port 22: Connection refused
ssh: connect to host 192.168.16.200 port 22: Connection refused
lost connection
jpierre@pc:~/Myfiles$ scp -v ../ssh-pub princemitnick@192.168.16.200:~/
Executing: program /usr/bin/ssh host 192.168.16.200, user princemitnick, command scp -v -t ~/
OpenSSH_8.2p1 Ubuntu-4ubuntu0.3, OpenSSL 1.1.1f  31 Mar 2020
debug1: Reading configuration data /etc/ssh/ssh_config
debug1: /etc/ssh/ssh_config line 19: include /etc/ssh/ssh_config.d/*.conf matched no files
debug1: /etc/ssh/ssh_config line 21: Applying options for *
debug1: Connecting to 192.168.16.200 [192.168.16.200] port 22.
debug1: Connection established.
debug1: identity file /home/jpierre/.ssh/id_rsa type 0
debug1: identity file /home/jpierre/.ssh/id_rsa-cert type -1
debug1: identity file /home/jpierre/.ssh/id_dsa type -1
debug1: identity file /home/jpierre/.ssh/id_dsa-cert type -1
debug1: identity file /home/jpierre/.ssh/id_ecdsa type -1
debug1: identity file /home/jpierre/.ssh/id_ecdsa-cert type -1
debug1: identity file /home/jpierre/.ssh/id_ecdsa_sk type -1
debug1: identity file /home/jpierre/.ssh/id_ecdsa_sk-cert type -1
debug1: identity file /home/jpierre/.ssh/id_ed25519 type -1
debug1: identity file /home/jpierre/.ssh/id_ed25519-cert type -1
debug1: identity file /home/jpierre/.ssh/id_ed25519_sk type -1
debug1: identity file /home/jpierre/.ssh/id_ed25519_sk-cert type -1
debug1: identity file /home/jpierre/.ssh/id_xmss type -1
debug1: identity file /home/jpierre/.ssh/id_xmss-cert type -1
debug1: Local version string SSH-2.0-OpenSSH_8.2p1 Ubuntu-4ubuntu0.3
debug1: Remote protocol version 2.0, remote software version OpenSSH_8.2p1 Ubuntu-4ubuntu0.3
debug1: match: OpenSSH_8.2p1 Ubuntu-4ubuntu0.3 pat OpenSSH* compat 0x04000000
debug1: Authenticating to 192.168.16.200:22 as 'princemitnick'
debug1: SSH2_MSG_KEXINIT sent
debug1: SSH2_MSG_KEXINIT received
debug1: kex: algorithm: curve25519-sha256
debug1: kex: host key algorithm: ecdsa-sha2-nistp256
debug1: kex: server->client cipher: chacha20-poly1305@openssh.com MAC: <implicit> compression: none
debug1: kex: client->server cipher: chacha20-poly1305@openssh.com MAC: <implicit> compression: none
debug1: expecting SSH2_MSG_KEX_ECDH_REPLY
debug1: Server host key: ecdsa-sha2-nistp256 SHA256:tEdS1P3CCvAXrpZOW632cOykpAnVYA1OckUOr64QrLA
The authenticity of host '192.168.16.200 (192.168.16.200)' can't be established.
ECDSA key fingerprint is SHA256:tEdS1P3CCvAXrpZOW632cOykpAnVYA1OckUOr64QrLA.
Are you sure you want to continue connecting (yes/no/[fingerprint])? yes
Warning: Permanently added '192.168.16.200' (ECDSA) to the list of known hosts.
debug1: rekey out after 134217728 blocks
debug1: SSH2_MSG_NEWKEYS sent
debug1: expecting SSH2_MSG_NEWKEYS
debug1: SSH2_MSG_NEWKEYS received
debug1: rekey in after 134217728 blocks
debug1: Will attempt key: /home/jpierre/.ssh/id_rsa RSA SHA256:gtzYjFy7SutJta56ufcTxOXC/57Yr5j7SibouhS/zIY agent
debug1: Will attempt key: /home/jpierre/.ssh/id_dsa 
debug1: Will attempt key: /home/jpierre/.ssh/id_ecdsa 
debug1: Will attempt key: /home/jpierre/.ssh/id_ecdsa_sk 
debug1: Will attempt key: /home/jpierre/.ssh/id_ed25519 
debug1: Will attempt key: /home/jpierre/.ssh/id_ed25519_sk 
debug1: Will attempt key: /home/jpierre/.ssh/id_xmss 
debug1: SSH2_MSG_EXT_INFO received
debug1: kex_input_ext_info: server-sig-algs=<ssh-ed25519,sk-ssh-ed25519@openssh.com,ssh-rsa,rsa-sha2-256,rsa-sha2-512,ssh-dss,ecdsa-sha2-nistp256,ecdsa-sha2-nistp384,ecdsa-sha2-nistp521,sk-ecdsa-sha2-nistp256@openssh.com>
debug1: SSH2_MSG_SERVICE_ACCEPT received
debug1: Authentications that can continue: publickey,password
debug1: Next authentication method: publickey
debug1: Offering public key: /home/jpierre/.ssh/id_rsa RSA SHA256:gtzYjFy7SutJta56ufcTxOXC/57Yr5j7SibouhS/zIY agent
debug1: Authentications that can continue: publickey,password
debug1: Trying private key: /home/jpierre/.ssh/id_dsa
debug1: Trying private key: /home/jpierre/.ssh/id_ecdsa
debug1: Trying private key: /home/jpierre/.ssh/id_ecdsa_sk
debug1: Trying private key: /home/jpierre/.ssh/id_ed25519
debug1: Trying private key: /home/jpierre/.ssh/id_ed25519_sk
debug1: Trying private key: /home/jpierre/.ssh/id_xmss
debug1: Next authentication method: password
princemitnick@192.168.16.200's password: 
debug1: Authentication succeeded (password).
Authenticated to 192.168.16.200 ([192.168.16.200]:22).
debug1: channel 0: new [client-session]
debug1: Requesting no-more-sessions@openssh.com
debug1: Entering interactive session.
debug1: pledge: network
debug1: client_input_global_request: rtype hostkeys-00@openssh.com want_reply 0
debug1: Sending environment.
debug1: Sending env LANG = en_US.UTF-8
debug1: Sending command: scp -v -t ~/
Sending file modes: C0664 564 ssh-pub
Sink: C0664 564 ssh-pub
ssh-pub                                                            100%  564   106.4KB/s   00:00    
debug1: client_input_channel_req: channel 0 rtype exit-status reply 0
debug1: channel 0: free: client-session, nchannels 1
debug1: fd 0 clearing O_NONBLOCK
Transferred: sent 3172, received 2528 bytes, in 0.2 seconds
Bytes per second: sent 15841.6, received 12625.4
debug1: Exit status 0
jpierre@pc:~/Myfiles$ cd ../
jpierre@pc:~$ 
jpierre@pc:~$ ls
 corn2      Documents   home      new_installer_offline.jar   snap        Videos
 date.txt   Downloads   Music     Pictures                    ssh-pub    'VirtualBox VMs'
 Desktop    freenet     Myfiles   Public                      Templates
jpierre@pc:~$ scp -v  princemitnick@192.168.16.200:~/git-repo .
Executing: program /usr/bin/ssh host 192.168.16.200, user princemitnick, command scp -v -f ~/git-repo
OpenSSH_8.2p1 Ubuntu-4ubuntu0.3, OpenSSL 1.1.1f  31 Mar 2020
debug1: Reading configuration data /etc/ssh/ssh_config
debug1: /etc/ssh/ssh_config line 19: include /etc/ssh/ssh_config.d/*.conf matched no files
debug1: /etc/ssh/ssh_config line 21: Applying options for *
debug1: Connecting to 192.168.16.200 [192.168.16.200] port 22.
debug1: Connection established.
debug1: identity file /home/jpierre/.ssh/id_rsa type 0
debug1: identity file /home/jpierre/.ssh/id_rsa-cert type -1
debug1: identity file /home/jpierre/.ssh/id_dsa type -1
debug1: identity file /home/jpierre/.ssh/id_dsa-cert type -1
debug1: identity file /home/jpierre/.ssh/id_ecdsa type -1
debug1: identity file /home/jpierre/.ssh/id_ecdsa-cert type -1
debug1: identity file /home/jpierre/.ssh/id_ecdsa_sk type -1
debug1: identity file /home/jpierre/.ssh/id_ecdsa_sk-cert type -1
debug1: identity file /home/jpierre/.ssh/id_ed25519 type -1
debug1: identity file /home/jpierre/.ssh/id_ed25519-cert type -1
debug1: identity file /home/jpierre/.ssh/id_ed25519_sk type -1
debug1: identity file /home/jpierre/.ssh/id_ed25519_sk-cert type -1
debug1: identity file /home/jpierre/.ssh/id_xmss type -1
debug1: identity file /home/jpierre/.ssh/id_xmss-cert type -1
debug1: Local version string SSH-2.0-OpenSSH_8.2p1 Ubuntu-4ubuntu0.3
debug1: Remote protocol version 2.0, remote software version OpenSSH_8.2p1 Ubuntu-4ubuntu0.3
debug1: match: OpenSSH_8.2p1 Ubuntu-4ubuntu0.3 pat OpenSSH* compat 0x04000000
debug1: Authenticating to 192.168.16.200:22 as 'princemitnick'
debug1: SSH2_MSG_KEXINIT sent
debug1: SSH2_MSG_KEXINIT received
debug1: kex: algorithm: curve25519-sha256
debug1: kex: host key algorithm: ecdsa-sha2-nistp256
debug1: kex: server->client cipher: chacha20-poly1305@openssh.com MAC: <implicit> compression: none
debug1: kex: client->server cipher: chacha20-poly1305@openssh.com MAC: <implicit> compression: none
debug1: expecting SSH2_MSG_KEX_ECDH_REPLY
debug1: Server host key: ecdsa-sha2-nistp256 SHA256:tEdS1P3CCvAXrpZOW632cOykpAnVYA1OckUOr64QrLA
debug1: Host '192.168.16.200' is known and matches the ECDSA host key.
debug1: Found key in /home/jpierre/.ssh/known_hosts:11
debug1: rekey out after 134217728 blocks
debug1: SSH2_MSG_NEWKEYS sent
debug1: expecting SSH2_MSG_NEWKEYS
debug1: SSH2_MSG_NEWKEYS received
debug1: rekey in after 134217728 blocks
debug1: Will attempt key: /home/jpierre/.ssh/id_rsa RSA SHA256:gtzYjFy7SutJta56ufcTxOXC/57Yr5j7SibouhS/zIY agent
debug1: Will attempt key: /home/jpierre/.ssh/id_dsa 
debug1: Will attempt key: /home/jpierre/.ssh/id_ecdsa 
debug1: Will attempt key: /home/jpierre/.ssh/id_ecdsa_sk 
debug1: Will attempt key: /home/jpierre/.ssh/id_ed25519 
debug1: Will attempt key: /home/jpierre/.ssh/id_ed25519_sk 
debug1: Will attempt key: /home/jpierre/.ssh/id_xmss 
debug1: SSH2_MSG_EXT_INFO received
debug1: kex_input_ext_info: server-sig-algs=<ssh-ed25519,sk-ssh-ed25519@openssh.com,ssh-rsa,rsa-sha2-256,rsa-sha2-512,ssh-dss,ecdsa-sha2-nistp256,ecdsa-sha2-nistp384,ecdsa-sha2-nistp521,sk-ecdsa-sha2-nistp256@openssh.com>
debug1: SSH2_MSG_SERVICE_ACCEPT received
debug1: Authentications that can continue: publickey,password
debug1: Next authentication method: publickey
debug1: Offering public key: /home/jpierre/.ssh/id_rsa RSA SHA256:gtzYjFy7SutJta56ufcTxOXC/57Yr5j7SibouhS/zIY agent
debug1: Authentications that can continue: publickey,password
debug1: Trying private key: /home/jpierre/.ssh/id_dsa
debug1: Trying private key: /home/jpierre/.ssh/id_ecdsa
debug1: Trying private key: /home/jpierre/.ssh/id_ecdsa_sk
debug1: Trying private key: /home/jpierre/.ssh/id_ed25519
debug1: Trying private key: /home/jpierre/.ssh/id_ed25519_sk
debug1: Trying private key: /home/jpierre/.ssh/id_xmss
debug1: Next authentication method: password
princemitnick@192.168.16.200's password: 
debug1: Authentication succeeded (password).
Authenticated to 192.168.16.200 ([192.168.16.200]:22).
debug1: channel 0: new [client-session]
debug1: Requesting no-more-sessions@openssh.com
debug1: Entering interactive session.
debug1: pledge: network
debug1: client_input_global_request: rtype hostkeys-00@openssh.com want_reply 0
debug1: Sending environment.
debug1: Sending env LANG = en_US.UTF-8
debug1: Sending command: scp -v -f ~/git-repo
Sending file modes: C0664 48 git-repo
Sink: C0664 48 git-repo
git-repo                                                           100%   48    12.1KB/s   00:00    
debug1: client_input_channel_req: channel 0 rtype exit-status reply 0
debug1: client_input_channel_req: channel 0 rtype eow@openssh.com reply 0
debug1: channel 0: free: client-session, nchannels 1
debug1: fd 0 clearing O_NONBLOCK
Transferred: sent 2596, received 2616 bytes, in 0.1 seconds
Bytes per second: sent 24956.6, received 25148.9
debug1: Exit status 0
jpierre@pc:~$ 
jpierre@pc:~$ ls
 corn2      Documents   git-repo   Myfiles                     Public    Templates
 date.txt   Downloads   home       new_installer_offline.jar   snap      Videos
 Desktop    freenet     Music      Pictures                    ssh-pub  'VirtualBox VMs'
jpierre@pc:~$ cat git-repo 
https://github.com/princemitnick/admin-labs.git
jpierre@pc:~$ git clone^C
jpierre@pc:~$ git clone https://github.com/princemitnick/admin-labs.git
Cloning into 'admin-labs'...
remote: Enumerating objects: 451, done.
remote: Counting objects: 100% (451/451), done.
remote: Compressing objects: 100% (202/202), done.
remote: Total 451 (delta 264), reused 403 (delta 219), pack-reused 0
Receiving objects: 100% (451/451), 156.79 KiB | 430.00 KiB/s, done.
Resolving deltas: 100% (264/264), done.
jpierre@pc:~$ ls
 admin-labs   Documents   home                        Pictures   Templates
 corn2        Downloads   Music                       Public     Videos
 date.txt     freenet     Myfiles                     snap      'VirtualBox VMs'
 Desktop      git-repo    new_installer_offline.jar   ssh-pub
jpierre@pc:~$ cd admin-labs
jpierre@pc:~/admin-labs$ ls
challenges  http-status-script.sh  management  mysq-replication  redhat      terraform
freeradius  k8s                    monitoring  README.md         shell-labs
jpierre@pc:~/admin-labs$ git status
On branch main
Your branch is up to date with 'origin/main'.

nothing to commit, working tree clean
jpierre@pc:~/admin-labs$ touch test
jpierre@pc:~/admin-labs$ git add
Nothing specified, nothing added.
Maybe you wanted to say 'git add .'?
jpierre@pc:~/admin-labs$ git add .
jpierre@pc:~/admin-labs$ git commit -am "this is test file"
[main ed1f2eb] this is test file
 1 file changed, 0 insertions(+), 0 deletions(-)
 create mode 100644 test
jpierre@pc:~/admin-labs$ git push
Username for 'https://github.com': jpierre55
Password for 'https://jpierre55@github.com': 
remote: Support for password authentication was removed on August 13, 2021. Please use a personal access token instead.
remote: Please see https://github.blog/2020-12-15-token-authentication-requirements-for-git-operations/ for more information.
fatal: Authentication failed for 'https://github.com/princemitnick/admin-labs.git/'
jpierre@pc:~/admin-labs$ scp -v  princemitnick@192.168.16.200:~/git-repo .
Executing: program /usr/bin/ssh host 192.168.16.200, user princemitnick, command scp -v -f ~/git-repo
OpenSSH_8.2p1 Ubuntu-4ubuntu0.3, OpenSSL 1.1.1f  31 Mar 2020
debug1: Reading configuration data /etc/ssh/ssh_config
debug1: /etc/ssh/ssh_config line 19: include /etc/ssh/ssh_config.d/*.conf matched no files
debug1: /etc/ssh/ssh_config line 21: Applying options for *
debug1: Connecting to 192.168.16.200 [192.168.16.200] port 22.
debug1: Connection established.
debug1: identity file /home/jpierre/.ssh/id_rsa type 0
debug1: identity file /home/jpierre/.ssh/id_rsa-cert type -1
debug1: identity file /home/jpierre/.ssh/id_dsa type -1
debug1: identity file /home/jpierre/.ssh/id_dsa-cert type -1
debug1: identity file /home/jpierre/.ssh/id_ecdsa type -1
debug1: identity file /home/jpierre/.ssh/id_ecdsa-cert type -1
debug1: identity file /home/jpierre/.ssh/id_ecdsa_sk type -1
debug1: identity file /home/jpierre/.ssh/id_ecdsa_sk-cert type -1
debug1: identity file /home/jpierre/.ssh/id_ed25519 type -1
debug1: identity file /home/jpierre/.ssh/id_ed25519-cert type -1
debug1: identity file /home/jpierre/.ssh/id_ed25519_sk type -1
debug1: identity file /home/jpierre/.ssh/id_ed25519_sk-cert type -1
debug1: identity file /home/jpierre/.ssh/id_xmss type -1
debug1: identity file /home/jpierre/.ssh/id_xmss-cert type -1
debug1: Local version string SSH-2.0-OpenSSH_8.2p1 Ubuntu-4ubuntu0.3
debug1: Remote protocol version 2.0, remote software version OpenSSH_8.2p1 Ubuntu-4ubuntu0.3
debug1: match: OpenSSH_8.2p1 Ubuntu-4ubuntu0.3 pat OpenSSH* compat 0x04000000
debug1: Authenticating to 192.168.16.200:22 as 'princemitnick'
debug1: SSH2_MSG_KEXINIT sent
debug1: SSH2_MSG_KEXINIT received
debug1: kex: algorithm: curve25519-sha256
debug1: kex: host key algorithm: ecdsa-sha2-nistp256
debug1: kex: server->client cipher: chacha20-poly1305@openssh.com MAC: <implicit> compression: none
debug1: kex: client->server cipher: chacha20-poly1305@openssh.com MAC: <implicit> compression: none
debug1: expecting SSH2_MSG_KEX_ECDH_REPLY
debug1: Server host key: ecdsa-sha2-nistp256 SHA256:tEdS1P3CCvAXrpZOW632cOykpAnVYA1OckUOr64QrLA
debug1: Host '192.168.16.200' is known and matches the ECDSA host key.
debug1: Found key in /home/jpierre/.ssh/known_hosts:11
debug1: rekey out after 134217728 blocks
debug1: SSH2_MSG_NEWKEYS sent
debug1: expecting SSH2_MSG_NEWKEYS
debug1: SSH2_MSG_NEWKEYS received
debug1: rekey in after 134217728 blocks
debug1: Will attempt key: /home/jpierre/.ssh/id_rsa RSA SHA256:gtzYjFy7SutJta56ufcTxOXC/57Yr5j7SibouhS/zIY agent
debug1: Will attempt key: /home/jpierre/.ssh/id_dsa 
debug1: Will attempt key: /home/jpierre/.ssh/id_ecdsa 
debug1: Will attempt key: /home/jpierre/.ssh/id_ecdsa_sk 
debug1: Will attempt key: /home/jpierre/.ssh/id_ed25519 
debug1: Will attempt key: /home/jpierre/.ssh/id_ed25519_sk 
debug1: Will attempt key: /home/jpierre/.ssh/id_xmss 
debug1: SSH2_MSG_EXT_INFO received
debug1: kex_input_ext_info: server-sig-algs=<ssh-ed25519,sk-ssh-ed25519@openssh.com,ssh-rsa,rsa-sha2-256,rsa-sha2-512,ssh-dss,ecdsa-sha2-nistp256,ecdsa-sha2-nistp384,ecdsa-sha2-nistp521,sk-ecdsa-sha2-nistp256@openssh.com>
debug1: SSH2_MSG_SERVICE_ACCEPT received
debug1: Authentications that can continue: publickey,password
debug1: Next authentication method: publickey
debug1: Offering public key: /home/jpierre/.ssh/id_rsa RSA SHA256:gtzYjFy7SutJta56ufcTxOXC/57Yr5j7SibouhS/zIY agent
debug1: Authentications that can continue: publickey,password
debug1: Trying private key: /home/jpierre/.ssh/id_dsa
debug1: Trying private key: /home/jpierre/.ssh/id_ecdsa
debug1: Trying private key: /home/jpierre/.ssh/id_ecdsa_sk
debug1: Trying private key: /home/jpierre/.ssh/id_ed25519
debug1: Trying private key: /home/jpierre/.ssh/id_ed25519_sk
debug1: Trying private key: /home/jpierre/.ssh/id_xmss
debug1: Next authentication method: password
princemitnick@192.168.16.200's password: 
debug1: Authentication succeeded (password).
Authenticated to 192.168.16.200 ([192.168.16.200]:22).
debug1: channel 0: new [client-session]
debug1: Requesting no-more-sessions@openssh.com
debug1: Entering interactive session.
debug1: pledge: network
debug1: client_input_global_request: rtype hostkeys-00@openssh.com want_reply 0
debug1: Sending environment.
debug1: Sending env LANG = en_US.UTF-8
debug1: Sending command: scp -v -f ~/git-repo
Sending file modes: C0664 44 git-repo
Sink: C0664 44 git-repo
git-repo                                                           100%   44     4.4KB/s   00:00    
debug1: client_input_channel_req: channel 0 rtype exit-status reply 0
debug1: client_input_channel_req: channel 0 rtype eow@openssh.com reply 0
debug1: channel 0: free: client-session, nchannels 1
debug1: fd 0 clearing O_NONBLOCK
Transferred: sent 2596, received 2616 bytes, in 0.1 seconds
Bytes per second: sent 23555.0, received 23736.5
debug1: Exit status 0
jpierre@pc:~/admin-labs$ cd ..
jpierre@pc:~$ rm -r admin-labs/
rm: remove write-protected regular file 'admin-labs/.git/objects/30/fefe67631619fa29373f6bc9cf87388291b78d'? y
rm: remove write-protected regular file 'admin-labs/.git/objects/ed/1f2eb9642fa24f7b6bd2d5ecfc61e839797793'? ^C
jpierre@pc:~$ sudo rm -r admin-labs/
[sudo] password for jpierre: 
jpierre@pc:~$ cat git-repo 
https://github.com/princemitnick/admin-labs.git
jpierre@pc:~$ git clone https://github.com/princemitnick/admin-labs.git
Cloning into 'admin-labs'...
remote: Enumerating objects: 451, done.
remote: Counting objects: 100% (451/451), done.
remote: Compressing objects: 100% (202/202), done.
remote: Total 451 (delta 264), reused 403 (delta 219), pack-reused 0
Receiving objects: 100% (451/451), 156.79 KiB | 1.38 MiB/s, done.
Resolving deltas: 100% (264/264), done.
jpierre@pc:~$ cd admin-labs
jpierre@pc:~/admin-labs$ touch testfile
jpierre@pc:~/admin-labs$ git add .
jpierre@pc:~/admin-labs$ git commit -am "This is a test file"
[main 7b0c3ff] This is a test file
 1 file changed, 0 insertions(+), 0 deletions(-)
 create mode 100644 testfile
jpierre@pc:~/admin-labs$ git push
Username for 'https://github.com': ^C
jpierre@pc:~/admin-labs$ git push
Username for 'https://github.com': ^C
jpierre@pc:~/admin-labs$ cd ..
jpierre@pc:~$ sudo rm -r admin-labs
jpierre@pc:~$ git clone git@github.com:princemitnick/admin-labs.git
Cloning into 'admin-labs'...
remote: Enumerating objects: 451, done.
remote: Counting objects: 100% (451/451), done.
remote: Compressing objects: 100% (202/202), done.
remote: Total 451 (delta 264), reused 403 (delta 219), pack-reused 0
Receiving objects: 100% (451/451), 156.79 KiB | 961.00 KiB/s, done.
Resolving deltas: 100% (264/264), done.
jpierre@pc:~$ cd admin-labs
jpierre@pc:~/admin-labs$ ls
challenges  http-status-script.sh  management  mysq-replication  redhat      terraform
freeradius  k8s                    monitoring  README.md         shell-labs
jpierre@pc:~/admin-labs$ git pull
Warning: Permanently added the ECDSA host key for IP address '140.82.113.4' to the list of known hosts.
remote: Enumerating objects: 4, done.
remote: Counting objects: 100% (4/4), done.
remote: Compressing objects: 100% (1/1), done.
remote: Total 3 (delta 1), reused 3 (delta 1), pack-reused 0
Unpacking objects: 100% (3/3), 303 bytes | 151.00 KiB/s, done.
From github.com:princemitnick/admin-labs
   65644bc..c18d876  main       -> origin/main
Updating 65644bc..c18d876
Fast-forward
 testfile-jackson | 1 +
 1 file changed, 1 insertion(+)
 create mode 100644 testfile-jackson
